* using log directory ‘/Users/bbuchsbaum/Dropbox/analysis/imfeatures/..Rcheck’
* using R version 4.3.2 (2023-10-31)
* using platform: aarch64-apple-darwin20 (64-bit)
* R was compiled by
    Apple clang version 14.0.0 (clang-1400.0.29.202)
    GNU Fortran (GCC) 12.2.0
* running under: macOS Sonoma 14.3
* using session charset: UTF-8
* using options ‘--no-manual --no-build-vignettes’
* checking for file ‘./DESCRIPTION’ ... OK
* checking extension type ... Package
* this is package ‘imfeatures’ version ‘0.1.0’
* package encoding: UTF-8
* checking package namespace information ... OK
* checking package dependencies ... ERROR
Namespace dependency missing from DESCRIPTION Imports/Depends entries: ‘rgl’

See section ‘The DESCRIPTION file’ in the ‘Writing R Extensions’
manual.
* DONE
Status: 1 ERROR
